[master 9a22c54] auto: 2026-02-26 08:48:01
 3 files changed, 13 insertions(+), 1 deletion(-)
 create mode 100644 scripts/autopush.log
 create mode 100755 scripts/autopush.sh
To https://github.com/aratain-simona/AI-CIVILIZATION.git
   1af1829..9a22c54  master -> master
[master 65330af] auto: 2026-02-26 08:51:01
 1 file changed, 6 insertions(+)
To https://github.com/aratain-simona/AI-CIVILIZATION.git
   9a22c54..65330af  master -> master
error: cannot pull with rebase: You have unstaged changes.
error: please commit or stash them.
[master fd15155] auto: 2026-02-26 08:54:01
 2 files changed, 14 insertions(+), 7 deletions(-)
To https://github.com/aratain-simona/AI-CIVILIZATION.git
   65330af..fd15155  master -> master
error: cannot pull with rebase: You have unstaged changes.
error: please commit or stash them.
[master 6bc2a0d] auto: 2026-02-26 08:57:01
 1 file changed, 6 insertions(+)
To https://github.com/aratain-simona/AI-CIVILIZATION.git
   fd15155..6bc2a0d  master -> master
error: cannot pull with rebase: You have unstaged changes.
error: please commit or stash them.
[master 382be5a] auto: 2026-02-26 09:00:02
 2 files changed, 9 insertions(+)
To https://github.com/aratain-simona/AI-CIVILIZATION.git
   6bc2a0d..382be5a  master -> master
error: cannot pull with rebase: You have unstaged changes.
error: please commit or stash them.
[master 74bb32c] auto: 2026-02-26 09:03:01
 1 file changed, 6 insertions(+)
To https://github.com/aratain-simona/AI-CIVILIZATION.git
   382be5a..74bb32c  master -> master
error: cannot pull with rebase: You have unstaged changes.
error: please commit or stash them.
[master fe94f4c] auto: 2026-02-26 09:06:01
 1 file changed, 6 insertions(+)
To https://github.com/aratain-simona/AI-CIVILIZATION.git
   74bb32c..fe94f4c  master -> master
error: cannot pull with rebase: You have unstaged changes.
error: please commit or stash them.
[master 497e3e4] auto: 2026-02-26 09:09:01
 1 file changed, 6 insertions(+)
To https://github.com/aratain-simona/AI-CIVILIZATION.git
   fe94f4c..497e3e4  master -> master
error: cannot pull with rebase: You have unstaged changes.
error: please commit or stash them.
