[10:14:00] Hospoda pinger spuštěn. Zpráv: 17. Interval: 30s
[10:14:00] Zastav pomocí Ctrl+C
[10:15:56] Hospoda pinger spuštěn. Zpráv: 18. Interval: 30s
[10:15:56] Zastav pomocí Ctrl+C
Traceback (most recent call last):
  File "/home/ales/AI-CIVILIZATION/scripts/hospoda_pinger.py", line 106, in <module>
    main()
  File "/home/ales/AI-CIVILIZATION/scripts/hospoda_pinger.py", line 73, in main
    browser = p.chromium.launch_persistent_context(
  File "/home/ales/.local/lib/python3.10/site-packages/playwright/sync_api/_generated.py", line 14861, in launch_persistent_context
    self._sync(
  File "/home/ales/.local/lib/python3.10/site-packages/playwright/_impl/_sync_base.py", line 115, in _sync
    return task.result()
  File "/home/ales/.local/lib/python3.10/site-packages/playwright/_impl/_browser_type.py", line 164, in launch_persistent_context
    result = await self._channel.send_return_as_dict(
  File "/home/ales/.local/lib/python3.10/site-packages/playwright/_impl/_connection.py", line 83, in send_return_as_dict
    return await self._connection.wrap_api_call(
  File "/home/ales/.local/lib/python3.10/site-packages/playwright/_impl/_connection.py", line 559, in wrap_api_call
    raise rewrite_error(error, f"{parsed_st['apiName']}: {error}") from None
playwright._impl._errors.Error: BrowserType.launch_persistent_context: Failed to create a ProcessSingleton for your profile directory. This usually means that the profile is already in use by another instance of Chromium.
Call log:
  - <launching> /opt/google/chrome/chrome --disable-field-trial-config --disable-background-networking --disable-background-timer-throttling --disable-backgrounding-occluded-windows --disable-back-forward-cache --disable-breakpad --disable-client-side-phishing-detection --disable-component-extensions-with-background-pages --disable-component-update --no-default-browser-check --disable-default-apps --disable-dev-shm-usage --disable-extensions --disable-features=AvoidUnnecessaryBeforeUnloadCheckSync,BoundaryEventDispatchTracksNodeRemoval,DestroyProfileOnBrowserClose,DialMediaRouteProvider,GlobalMediaControls,HttpsUpgrades,LensOverlay,MediaRouter,PaintHolding,ThirdPartyStoragePartitioning,Translate,AutoDeElevate,RenderDocument,OptimizationHints --enable-features=CDPScreenshotNewSurface --allow-pre-commit-input --disable-hang-monitor --disable-ipc-flooding-protection --disable-popup-blocking --disable-prompt-on-repost --disable-renderer-backgrounding --force-color-profile=srgb --metrics-recording-only --no-first-run --password-store=basic --use-mock-keychain --no-service-autorun --export-tagged-pdf --disable-search-engine-choice-screen --unsafely-disable-devtools-self-xss-warnings --edge-skip-compat-layer-relaunch --enable-automation --disable-infobars --disable-search-engine-choice-screen --disable-sync --enable-unsafe-swiftshader --no-sandbox --no-first-run --no-default-browser-check --user-data-dir=/home/ales/.config/google-chrome --remote-debugging-pipe about:blank
  - <launched> pid=114627
  - [pid=114627][err] [0301/101557.981749:WARNING:chrome/app/chrome_main_linux.cc:83] Read channel stable from /opt/google/chrome/CHROME_VERSION_EXTRA
  - [pid=114627][err] [114627:114627:0301/101558.200618:ERROR:chrome/browser/process_singleton_posix.cc:345] Failed to create /home/ales/.config/google-chrome/SingletonLock: Soubor již existuje (17)
  - [pid=114627][err] [114627:114627:0301/101558.203373:ERROR:chrome/app/chrome_main_delegate.cc:513] Failed to create a ProcessSingleton for your profile directory. This means that running multiple instances would start multiple browser processes rather than opening a new window in the existing process. Aborting now to avoid profile corruption.
  - [pid=114627] <gracefully close start>
  - [pid=114627] <kill>
  - [pid=114627] <will force kill>
  - [pid=114627] <process did exit: exitCode=21, signal=null>
  - [pid=114627] starting temporary directories cleanup
  - [pid=114627] finished temporary directories cleanup
  - [pid=114627] <gracefully close end>

Traceback (most recent call last):
  File "/home/ales/AI-CIVILIZATION/scripts/hospoda_pinger.py", line 106, in <module>
    main()
  File "/home/ales/AI-CIVILIZATION/scripts/hospoda_pinger.py", line 73, in main
    browser = p.chromium.launch_persistent_context(
  File "/home/ales/.local/lib/python3.10/site-packages/playwright/sync_api/_generated.py", line 14861, in launch_persistent_context
    self._sync(
  File "/home/ales/.local/lib/python3.10/site-packages/playwright/_impl/_sync_base.py", line 115, in _sync
    return task.result()
  File "/home/ales/.local/lib/python3.10/site-packages/playwright/_impl/_browser_type.py", line 164, in launch_persistent_context
    result = await self._channel.send_return_as_dict(
  File "/home/ales/.local/lib/python3.10/site-packages/playwright/_impl/_connection.py", line 83, in send_return_as_dict
    return await self._connection.wrap_api_call(
  File "/home/ales/.local/lib/python3.10/site-packages/playwright/_impl/_connection.py", line 559, in wrap_api_call
    raise rewrite_error(error, f"{parsed_st['apiName']}: {error}") from None
playwright._impl._errors.TimeoutError: BrowserType.launch_persistent_context: Timeout 180000ms exceeded.
Call log:
  - <launching> /opt/google/chrome/chrome --disable-field-trial-config --disable-background-networking --disable-background-timer-throttling --disable-backgrounding-occluded-windows --disable-back-forward-cache --disable-breakpad --disable-client-side-phishing-detection --disable-component-extensions-with-background-pages --disable-component-update --no-default-browser-check --disable-default-apps --disable-dev-shm-usage --disable-extensions --disable-features=AvoidUnnecessaryBeforeUnloadCheckSync,BoundaryEventDispatchTracksNodeRemoval,DestroyProfileOnBrowserClose,DialMediaRouteProvider,GlobalMediaControls,HttpsUpgrades,LensOverlay,MediaRouter,PaintHolding,ThirdPartyStoragePartitioning,Translate,AutoDeElevate,RenderDocument,OptimizationHints --enable-features=CDPScreenshotNewSurface --allow-pre-commit-input --disable-hang-monitor --disable-ipc-flooding-protection --disable-popup-blocking --disable-prompt-on-repost --disable-renderer-backgrounding --force-color-profile=srgb --metrics-recording-only --no-first-run --password-store=basic --use-mock-keychain --no-service-autorun --export-tagged-pdf --disable-search-engine-choice-screen --unsafely-disable-devtools-self-xss-warnings --edge-skip-compat-layer-relaunch --enable-automation --disable-infobars --disable-search-engine-choice-screen --disable-sync --enable-unsafe-swiftshader --no-sandbox --no-first-run --no-default-browser-check --user-data-dir=/home/ales/.config/google-chrome --remote-debugging-pipe about:blank
  - <launched> pid=113522
  - [pid=113522][err] [0301/101401.686727:WARNING:chrome/app/chrome_main_linux.cc:83] Read channel stable from /opt/google/chrome/CHROME_VERSION_EXTRA
  - [pid=113522][err]
  - [pid=113522][err] DevTools remote debugging requires a non-default data directory. Specify this using --user-data-dir.
  - [pid=113522][err] [113522:113549:0301/101402.461765:ERROR:components/signin/public/webdata/token_service_table.cc:235] Failed to decrypt token for service AccountId-101256187464721149669
  - [pid=113522][err] Xlib:  extension "NV-GLX" missing on display ":0".
  - [pid=113522][err] [113555:113555:0301/101402.883685:ERROR:media/gpu/vaapi/vaapi_wrapper.cc:1648] Installed VAAPI version is too old. min supported version: 1.17 installed version: 1.14
  - [pid=113522][err] [113522:113540:0301/101404.112518:ERROR:crypto/nss_util.cc:346] After loading Root Certs, loaded==false: NSS error code: -8018
  - [pid=113522][err] [113522:113538:0301/101406.012350:ERROR:google_apis/gcm/engine/registration_request.cc:290] Registration response error message: DEPRECATED_ENDPOINT
  - [pid=113522][err] [113522:113538:0301/101435.033977:ERROR:google_apis/gcm/engine/registration_request.cc:290] Registration response error message: DEPRECATED_ENDPOINT
  - [pid=113522][err] [113522:113538:0301/101529.222189:ERROR:google_apis/gcm/engine/registration_request.cc:290] Registration response error message: DEPRECATED_ENDPOINT

[10:23:08] Hospoda pinger spuštěn. Zpráv: 19. Interval: 30s
[10:23:08] Zastav pomocí Ctrl+C
Traceback (most recent call last):
  File "/home/ales/AI-CIVILIZATION/scripts/hospoda_pinger.py", line 106, in <module>
    main()
  File "/home/ales/AI-CIVILIZATION/scripts/hospoda_pinger.py", line 73, in main
    browser = p.chromium.launch_persistent_context(
  File "/home/ales/.local/lib/python3.10/site-packages/playwright/sync_api/_generated.py", line 14861, in launch_persistent_context
    self._sync(
  File "/home/ales/.local/lib/python3.10/site-packages/playwright/_impl/_sync_base.py", line 115, in _sync
    return task.result()
  File "/home/ales/.local/lib/python3.10/site-packages/playwright/_impl/_browser_type.py", line 164, in launch_persistent_context
    result = await self._channel.send_return_as_dict(
  File "/home/ales/.local/lib/python3.10/site-packages/playwright/_impl/_connection.py", line 83, in send_return_as_dict
    return await self._connection.wrap_api_call(
  File "/home/ales/.local/lib/python3.10/site-packages/playwright/_impl/_connection.py", line 559, in wrap_api_call
    raise rewrite_error(error, f"{parsed_st['apiName']}: {error}") from None
playwright._impl._errors.Error: BrowserType.launch_persistent_context: Failed to create a ProcessSingleton for your profile directory. This usually means that the profile is already in use by another instance of Chromium.
Call log:
  - <launching> /opt/google/chrome/chrome --disable-field-trial-config --disable-background-networking --disable-background-timer-throttling --disable-backgrounding-occluded-windows --disable-back-forward-cache --disable-breakpad --disable-client-side-phishing-detection --disable-component-extensions-with-background-pages --disable-component-update --no-default-browser-check --disable-default-apps --disable-dev-shm-usage --disable-extensions --disable-features=AvoidUnnecessaryBeforeUnloadCheckSync,BoundaryEventDispatchTracksNodeRemoval,DestroyProfileOnBrowserClose,DialMediaRouteProvider,GlobalMediaControls,HttpsUpgrades,LensOverlay,MediaRouter,PaintHolding,ThirdPartyStoragePartitioning,Translate,AutoDeElevate,RenderDocument,OptimizationHints --enable-features=CDPScreenshotNewSurface --allow-pre-commit-input --disable-hang-monitor --disable-ipc-flooding-protection --disable-popup-blocking --disable-prompt-on-repost --disable-renderer-backgrounding --force-color-profile=srgb --metrics-recording-only --no-first-run --password-store=basic --use-mock-keychain --no-service-autorun --export-tagged-pdf --disable-search-engine-choice-screen --unsafely-disable-devtools-self-xss-warnings --edge-skip-compat-layer-relaunch --enable-automation --disable-infobars --disable-search-engine-choice-screen --disable-sync --enable-unsafe-swiftshader --no-sandbox --no-first-run --no-default-browser-check --user-data-dir=/home/ales/.config/google-chrome --remote-debugging-pipe about:blank
  - <launched> pid=115357
  - [pid=115357][err] [0301/102310.262439:WARNING:chrome/app/chrome_main_linux.cc:83] Read channel stable from /opt/google/chrome/CHROME_VERSION_EXTRA
  - [pid=115357][err] [115357:115357:0301/102311.070970:ERROR:chrome/browser/process_singleton_posix.cc:345] Failed to create /home/ales/.config/google-chrome/SingletonLock: Soubor již existuje (17)
  - [pid=115357][err] [115357:115357:0301/102311.073092:ERROR:chrome/app/chrome_main_delegate.cc:513] Failed to create a ProcessSingleton for your profile directory. This means that running multiple instances would start multiple browser processes rather than opening a new window in the existing process. Aborting now to avoid profile corruption.
  - [pid=115357] <gracefully close start>
  - [pid=115357] <kill>
  - [pid=115357] <will force kill>
  - [pid=115357] <process did exit: exitCode=21, signal=null>
  - [pid=115357] starting temporary directories cleanup
  - [pid=115357] finished temporary directories cleanup
  - [pid=115357] <gracefully close end>

[10:26:14] Hospoda pinger spuštěn. Zpráv: 19. Interval: 30s
[10:26:14] Zastav pomocí Ctrl+C
Traceback (most recent call last):
  File "/home/ales/AI-CIVILIZATION/scripts/hospoda_pinger.py", line 106, in <module>
    main()
  File "/home/ales/AI-CIVILIZATION/scripts/hospoda_pinger.py", line 73, in main
    browser = p.chromium.launch_persistent_context(
  File "/home/ales/.local/lib/python3.10/site-packages/playwright/sync_api/_generated.py", line 14861, in launch_persistent_context
    self._sync(
  File "/home/ales/.local/lib/python3.10/site-packages/playwright/_impl/_sync_base.py", line 115, in _sync
    return task.result()
  File "/home/ales/.local/lib/python3.10/site-packages/playwright/_impl/_browser_type.py", line 164, in launch_persistent_context
    result = await self._channel.send_return_as_dict(
  File "/home/ales/.local/lib/python3.10/site-packages/playwright/_impl/_connection.py", line 83, in send_return_as_dict
    return await self._connection.wrap_api_call(
  File "/home/ales/.local/lib/python3.10/site-packages/playwright/_impl/_connection.py", line 559, in wrap_api_call
    raise rewrite_error(error, f"{parsed_st['apiName']}: {error}") from None
playwright._impl._errors.TimeoutError: BrowserType.launch_persistent_context: Timeout 180000ms exceeded.
Call log:
  - <launching> /opt/google/chrome/chrome --disable-field-trial-config --disable-background-networking --disable-background-timer-throttling --disable-backgrounding-occluded-windows --disable-back-forward-cache --disable-breakpad --disable-client-side-phishing-detection --disable-component-extensions-with-background-pages --disable-component-update --no-default-browser-check --disable-default-apps --disable-dev-shm-usage --disable-extensions --disable-features=AvoidUnnecessaryBeforeUnloadCheckSync,BoundaryEventDispatchTracksNodeRemoval,DestroyProfileOnBrowserClose,DialMediaRouteProvider,GlobalMediaControls,HttpsUpgrades,LensOverlay,MediaRouter,PaintHolding,ThirdPartyStoragePartitioning,Translate,AutoDeElevate,RenderDocument,OptimizationHints --enable-features=CDPScreenshotNewSurface --allow-pre-commit-input --disable-hang-monitor --disable-ipc-flooding-protection --disable-popup-blocking --disable-prompt-on-repost --disable-renderer-backgrounding --force-color-profile=srgb --metrics-recording-only --no-first-run --password-store=basic --use-mock-keychain --no-service-autorun --export-tagged-pdf --disable-search-engine-choice-screen --unsafely-disable-devtools-self-xss-warnings --edge-skip-compat-layer-relaunch --enable-automation --disable-infobars --disable-search-engine-choice-screen --disable-sync --enable-unsafe-swiftshader --no-sandbox --no-first-run --no-default-browser-check --user-data-dir=/home/ales/.config/google-chrome --remote-debugging-pipe about:blank
  - <launched> pid=115688
  - [pid=115688][err] [0301/102616.315276:WARNING:chrome/app/chrome_main_linux.cc:83] Read channel stable from /opt/google/chrome/CHROME_VERSION_EXTRA
  - [pid=115688][err]
  - [pid=115688][err] DevTools remote debugging requires a non-default data directory. Specify this using --user-data-dir.
  - [pid=115688][err] [115688:115713:0301/102617.113272:ERROR:components/signin/public/webdata/token_service_table.cc:235] Failed to decrypt token for service AccountId-101256187464721149669
  - [pid=115688][err] Xlib:  extension "NV-GLX" missing on display ":0".
  - [pid=115688][err] [115721:115721:0301/102617.427007:ERROR:media/gpu/vaapi/vaapi_wrapper.cc:1648] Installed VAAPI version is too old. min supported version: 1.17 installed version: 1.14
  - [pid=115688][err] [115688:115712:0301/102618.711766:ERROR:crypto/nss_util.cc:346] After loading Root Certs, loaded==false: NSS error code: -8018
  - [pid=115688][err] [115688:115704:0301/102620.600943:ERROR:google_apis/gcm/engine/registration_request.cc:290] Registration response error message: DEPRECATED_ENDPOINT
  - [pid=115688][err] [115688:115704:0301/102647.647967:ERROR:google_apis/gcm/engine/registration_request.cc:290] Registration response error message: DEPRECATED_ENDPOINT
  - [pid=115688][err] [115688:115704:0301/102744.015455:ERROR:google_apis/gcm/engine/registration_request.cc:290] Registration response error message: DEPRECATED_ENDPOINT
  - [pid=115688][err] [115688:115704:0301/102906.218418:ERROR:google_apis/gcm/engine/registration_request.cc:290] Registration response error message: DEPRECATED_ENDPOINT

