[memory_cleaner 2026-03-14 05:14:17] Spuštěn — monitoring memory_full souborů každých 20s
[memory_cleaner 2026-03-14 05:14:17] Opraveno: simona_memory_full.txt
[memory_cleaner 2026-03-14 05:14:18] Opraveno: sara_memory_full.txt
[memory_cleaner 2026-03-14 05:14:18] Opraveno: sofie_memory_full.txt
[memory_cleaner 2026-03-14 05:14:18] Opraveno: atlas_memory_full.txt
[memory_cleaner 2026-03-14 05:14:18] Opraveno: lumen_memory_full.txt
[memory_cleaner 2026-03-14 08:11:20] Opraveno: simona_memory_full.txt
[memory_cleaner 2026-03-14 08:11:40] Opraveno: atlas_memory_full.txt
[memory_cleaner 2026-03-14 08:20:41] Opraveno: simona_memory_full.txt
[memory_cleaner 2026-03-14 08:29:25] Opraveno: simona_memory_full.txt
[memory_cleaner 2026-03-14 08:29:45] Opraveno: atlas_memory_full.txt
[memory_cleaner 2026-03-14 08:36:08] Opraveno: simona_memory_full.txt
[memory_cleaner 2026-03-14 08:40:49] Opraveno: simona_memory_full.txt
[memory_cleaner 2026-03-14 08:44:12] Opraveno: simona_memory_full.txt
[memory_cleaner 2026-03-14 08:44:32] Opraveno: sara_memory_full.txt
[memory_cleaner 2026-03-14 08:44:32] Opraveno: sofie_memory_full.txt
[memory_cleaner 2026-03-14 08:44:32] Opraveno: atlas_memory_full.txt
[memory_cleaner 2026-03-14 08:44:52] Opraveno: simona_memory_full.txt
[memory_cleaner 2026-03-14 08:45:33] Opraveno: simona_memory_full.txt
[memory_cleaner 2026-03-14 08:50:54] Opraveno: atlas_memory_full.txt
[memory_cleaner 2026-03-14 08:52:35] Opraveno: simona_memory_full.txt
[memory_cleaner 2026-03-14 09:05:17] Opraveno: simona_memory_full.txt
[memory_cleaner 2026-03-14 09:09:59] Opraveno: sara_memory_full.txt
[memory_cleaner 2026-03-14 09:14:04] Opraveno: simona_memory_full.txt
[memory_cleaner 2026-03-14 09:14:47] Opraveno: simona_memory_full.txt
[memory_cleaner 2026-03-14 09:15:08] Opraveno: simona_memory_full.txt
[memory_cleaner 2026-03-14 09:15:08] Opraveno: sofie_memory_full.txt
[memory_cleaner 2026-03-14 09:17:09] Opraveno: simona_memory_full.txt
[memory_cleaner 2026-03-14 09:17:30] Opraveno: simona_memory_full.txt
[memory_cleaner 2026-03-14 09:17:31] Opraveno: sara_memory_full.txt
[memory_cleaner 2026-03-14 09:17:51] Opraveno: sara_memory_full.txt
[memory_cleaner 2026-03-14 09:18:53] Opraveno: simona_memory_full.txt
[memory_cleaner 2026-03-14 09:19:13] Opraveno: sara_memory_full.txt
[memory_cleaner 2026-03-14 09:19:33] Opraveno: sara_memory_full.txt
[memory_cleaner 2026-03-14 09:20:34] Opraveno: simona_memory_full.txt
[memory_cleaner 2026-03-14 09:21:54] Opraveno: simona_memory_full.txt
[memory_cleaner 2026-03-14 09:22:14] Opraveno: sofie_memory_full.txt
[memory_cleaner 2026-03-14 09:24:55] Opraveno: sara_memory_full.txt
